.github/workflows/intake.yml:207:7: unexpected key "deployment" for "environment" section. expected one of "name", "url" [syntax-check]
.github/workflows/clarify.yml:168:7: unexpected key "deployment" for "environment" section. expected one of "name", "url" [syntax-check]
.github/workflows/plan.yml:235:7: unexpected key "deployment" for "environment" section. expected one of "name", "url" [syntax-check]
.github/workflows/plan.yml:273:7: unexpected key "deployment" for "environment" section. expected one of "name", "url" [syntax-check]
.github/workflows/tasks.yml:245:7: unexpected key "deployment" for "environment" section. expected one of "name", "url" [syntax-check]
.github/workflows/tasks.yml:290:7: unexpected key "deployment" for "environment" section. expected one of "name", "url" [syntax-check]
.github/workflows/tasks.yml:795:7: unexpected key "deployment" for "environment" section. expected one of "name", "url" [syntax-check]
.github/workflows/implement.yml:217:7: unexpected key "deployment" for "environment" section. expected one of "name", "url" [syntax-check]
.github/workflows/implement.yml:1126:7: unexpected key "deployment" for "environment" section. expected one of "name", "url" [syntax-check]
.github/workflows/finalize.yml:175:7: unexpected key "deployment" for "environment" section. expected one of "name", "url" [syntax-check]
.github/workflows/cleanup.yml:227:7: unexpected key "deployment" for "environment" section. expected one of "name", "url" [syntax-check]
.github/workflows/cleanup.yml:293:7: unexpected key "deployment" for "environment" section. expected one of "name", "url" [syntax-check]
.github/workflows/cleanup.yml:607:7: unexpected key "deployment" for "environment" section. expected one of "name", "url" [syntax-check]
.github/workflows/cleanup.yml:792:7: unexpected key "deployment" for "environment" section. expected one of "name", "url" [syntax-check]
.github/workflows/rebase.yml:169:7: unexpected key "deployment" for "environment" section. expected one of "name", "url" [syntax-check]
.github/workflows/rebase.yml:396:7: unexpected key "deployment" for "environment" section. expected one of "name", "url" [syntax-check]
.github/workflows/watchdog.yml:204:7: unexpected key "deployment" for "environment" section. expected one of "name", "url" [syntax-check]
.github/workflows/watchdog.yml:814:7: unexpected key "deployment" for "environment" section. expected one of "name", "url" [syntax-check]
.github/workflows/watchdog.yml:1337:7: unexpected key "deployment" for "environment" section. expected one of "name", "url" [syntax-check]
.github/workflows/watchdog.yml:1926:7: unexpected key "deployment" for "environment" section. expected one of "name", "url" [syntax-check]
.github/workflows/watchdog.yml:2424:7: unexpected key "deployment" for "environment" section. expected one of "name", "url" [syntax-check]
.github/workflows/auto-update-spec-kit.yml:173:7: unexpected key "deployment" for "environment" section. expected one of "name", "url" [syntax-check]
.github/workflows/auto-update-spec-kit.yml:375:7: unexpected key "deployment" for "environment" section. expected one of "name", "url" [syntax-check]
.github/workflows/auto-update-spec-kit.yml:452:7: unexpected key "deployment" for "environment" section. expected one of "name", "url" [syntax-check]
.github/workflows/auto-update-spec-kit.yml:678:7: unexpected key "deployment" for "environment" section. expected one of "name", "url" [syntax-check]
.github/workflows/auto-update-spec-kit.yml:1038:7: unexpected key "deployment" for "environment" section. expected one of "name", "url" [syntax-check]
.github/workflows/auto-update-spec-kit.yml:1166:7: unexpected key "deployment" for "environment" section. expected one of "name", "url" [syntax-check]
.github/workflows/auto-update-spec-kit.yml:1399:7: unexpected key "deployment" for "environment" section. expected one of "name", "url" [syntax-check]
.github/workflows/auto-update-spec-kit.yml:1677:7: unexpected key "deployment" for "environment" section. expected one of "name", "url" [syntax-check]
.github/workflows/auto-update-spec-kit.yml:1815:7: unexpected key "deployment" for "environment" section. expected one of "name", "url" [syntax-check]
